Archive member included to satisfy reference by file (symbol)

/opt/st/stm32cubeide_1.5.1/plugins/com.st.stm32cube.ide.mcu.externaltools.gnu-tools-for-stm32.7-2018-q2-update.linux64_1.5.0.202011040924/tools/bin/../lib/gcc/arm-none-eabi/7.3.1/../../../../arm-none-eabi/lib/thumb/v7-m/libc_nano.a(lib_a-errno.o)
                              Core/Src/syscalls.o (__errno)
/opt/st/stm32cubeide_1.5.1/plugins/com.st.stm32cube.ide.mcu.externaltools.gnu-tools-for-stm32.7-2018-q2-update.linux64_1.5.0.202011040924/tools/bin/../lib/gcc/arm-none-eabi/7.3.1/../../../../arm-none-eabi/lib/thumb/v7-m/libc_nano.a(lib_a-exit.o)
                              /opt/st/stm32cubeide_1.5.1/plugins/com.st.stm32cube.ide.mcu.externaltools.gnu-tools-for-stm32.7-2018-q2-update.linux64_1.5.0.202011040924/tools/bin/../lib/gcc/arm-none-eabi/7.3.1/../../../../arm-none-eabi/lib/thumb/v7-m/crt0.o (exit)
/opt/st/stm32cubeide_1.5.1/plugins/com.st.stm32cube.ide.mcu.externaltools.gnu-tools-for-stm32.7-2018-q2-update.linux64_1.5.0.202011040924/tools/bin/../lib/gcc/arm-none-eabi/7.3.1/../../../../arm-none-eabi/lib/thumb/v7-m/libc_nano.a(lib_a-impure.o)
                              /opt/st/stm32cubeide_1.5.1/plugins/com.st.stm32cube.ide.mcu.externaltools.gnu-tools-for-stm32.7-2018-q2-update.linux64_1.5.0.202011040924/tools/bin/../lib/gcc/arm-none-eabi/7.3.1/../../../../arm-none-eabi/lib/thumb/v7-m/libc_nano.a(lib_a-exit.o) (_global_impure_ptr)
/opt/st/stm32cubeide_1.5.1/plugins/com.st.stm32cube.ide.mcu.externaltools.gnu-tools-for-stm32.7-2018-q2-update.linux64_1.5.0.202011040924/tools/bin/../lib/gcc/arm-none-eabi/7.3.1/../../../../arm-none-eabi/lib/thumb/v7-m/libc_nano.a(lib_a-init.o)
                              /opt/st/stm32cubeide_1.5.1/plugins/com.st.stm32cube.ide.mcu.externaltools.gnu-tools-for-stm32.7-2018-q2-update.linux64_1.5.0.202011040924/tools/bin/../lib/gcc/arm-none-eabi/7.3.1/../../../../arm-none-eabi/lib/thumb/v7-m/crt0.o (__libc_init_array)
/opt/st/stm32cubeide_1.5.1/plugins/com.st.stm32cube.ide.mcu.externaltools.gnu-tools-for-stm32.7-2018-q2-update.linux64_1.5.0.202011040924/tools/bin/../lib/gcc/arm-none-eabi/7.3.1/../../../../arm-none-eabi/lib/thumb/v7-m/libc_nano.a(lib_a-memset.o)
                              /opt/st/stm32cubeide_1.5.1/plugins/com.st.stm32cube.ide.mcu.externaltools.gnu-tools-for-stm32.7-2018-q2-update.linux64_1.5.0.202011040924/tools/bin/../lib/gcc/arm-none-eabi/7.3.1/../../../../arm-none-eabi/lib/thumb/v7-m/crt0.o (memset)
/opt/st/stm32cubeide_1.5.1/plugins/com.st.stm32cube.ide.mcu.externaltools.gnu-tools-for-stm32.7-2018-q2-update.linux64_1.5.0.202011040924/tools/bin/../lib/gcc/arm-none-eabi/7.3.1/../../../../arm-none-eabi/lib/thumb/v7-m/libc_nano.a(lib_a-sprintf.o)
                              Core/Src/functions.o (sprintf)
/opt/st/stm32cubeide_1.5.1/plugins/com.st.stm32cube.ide.mcu.externaltools.gnu-tools-for-stm32.7-2018-q2-update.linux64_1.5.0.202011040924/tools/bin/../lib/gcc/arm-none-eabi/7.3.1/../../../../arm-none-eabi/lib/thumb/v7-m/libc_nano.a(lib_a-nano-svfprintf.o)
                              /opt/st/stm32cubeide_1.5.1/plugins/com.st.stm32cube.ide.mcu.externaltools.gnu-tools-for-stm32.7-2018-q2-update.linux64_1.5.0.202011040924/tools/bin/../lib/gcc/arm-none-eabi/7.3.1/../../../../arm-none-eabi/lib/thumb/v7-m/libc_nano.a(lib_a-sprintf.o) (_svfprintf_r)
/opt/st/stm32cubeide_1.5.1/plugins/com.st.stm32cube.ide.mcu.externaltools.gnu-tools-for-stm32.7-2018-q2-update.linux64_1.5.0.202011040924/tools/bin/../lib/gcc/arm-none-eabi/7.3.1/../../../../arm-none-eabi/lib/thumb/v7-m/libc_nano.a(lib_a-nano-vfprintf_i.o)
                              /opt/st/stm32cubeide_1.5.1/plugins/com.st.stm32cube.ide.mcu.externaltools.gnu-tools-for-stm32.7-2018-q2-update.linux64_1.5.0.202011040924/tools/bin/../lib/gcc/arm-none-eabi/7.3.1/../../../../arm-none-eabi/lib/thumb/v7-m/libc_nano.a(lib_a-nano-svfprintf.o) (_printf_i)
/opt/st/stm32cubeide_1.5.1/plugins/com.st.stm32cube.ide.mcu.externaltools.gnu-tools-for-stm32.7-2018-q2-update.linux64_1.5.0.202011040924/tools/bin/../lib/gcc/arm-none-eabi/7.3.1/../../../../arm-none-eabi/lib/thumb/v7-m/libc_nano.a(lib_a-memchr-stub.o)
                              /opt/st/stm32cubeide_1.5.1/plugins/com.st.stm32cube.ide.mcu.externaltools.gnu-tools-for-stm32.7-2018-q2-update.linux64_1.5.0.202011040924/tools/bin/../lib/gcc/arm-none-eabi/7.3.1/../../../../arm-none-eabi/lib/thumb/v7-m/libc_nano.a(lib_a-nano-svfprintf.o) (memchr)
/opt/st/stm32cubeide_1.5.1/plugins/com.st.stm32cube.ide.mcu.externaltools.gnu-tools-for-stm32.7-2018-q2-update.linux64_1.5.0.202011040924/tools/bin/../lib/gcc/arm-none-eabi/7.3.1/../../../../arm-none-eabi/lib/thumb/v7-m/libc_nano.a(lib_a-memcpy-stub.o)
                              /opt/st/stm32cubeide_1.5.1/plugins/com.st.stm32cube.ide.mcu.externaltools.gnu-tools-for-stm32.7-2018-q2-update.linux64_1.5.0.202011040924/tools/bin/../lib/gcc/arm-none-eabi/7.3.1/../../../../arm-none-eabi/lib/thumb/v7-m/libc_nano.a(lib_a-nano-svfprintf.o) (memcpy)
[...]
Memory Configuration

Name             Origin             Length             Attributes
RAM              0x0000000020000000 0x0000000000005000 xrw
FLASH            0x0000000008000000 0x0000000000010000 xr
*default*        0x0000000000000000 0xffffffffffffffff

Linker script and memory map

LOAD /opt/st/stm32cubeide_1.5.1/plugins/com.st.stm32cube.ide.mcu.externaltools.gnu-tools-for-stm32.7-2018-q2-update.linux64_1.5.0.202011040924/tools/bin/../lib/gcc/arm-none-eabi/7.3.1/thumb/v7-m/crti.o
LOAD /opt/st/stm32cubeide_1.5.1/plugins/com.st.stm32cube.ide.mcu.externaltools.gnu-tools-for-stm32.7-2018-q2-update.linux64_1.5.0.202011040924/tools/bin/../lib/gcc/arm-none-eabi/7.3.1/thumb/v7-m/crtbegin.o
LOAD /opt/st/stm32cubeide_1.5.1/plugins/com.st.stm32cube.ide.mcu.externaltools.gnu-tools-for-stm32.7-2018-q2-update.linux64_1.5.0.202011040924/tools/bin/../lib/gcc/arm-none-eabi/7.3.1/../../../../arm-none-eabi/lib/thumb/v7-m/crt0.o
LOAD Core/Src/functions.o
LOAD Core/Src/gpio.o
LOAD Core/Src/lcd.o
LOAD Core/Src/main.o
LOAD Core/Src/stm32f1xx_hal_msp.o
LOAD Core/Src/stm32f1xx_it.o
LOAD Core/Src/syscalls.o
LOAD Core/Src/sysmem.o
LOAD Core/Src/system_stm32f1xx.o
LOAD Core/Src/tim.o
LOAD Core/Startup/startup_stm32f103c8tx.o
LOAD Drivers/STM32F1xx_HAL_Driver/Src/stm32f1xx_hal.o
LOAD Drivers/STM32F1xx_HAL_Driver/Src/stm32f1xx_hal_cortex.o
LOAD Drivers/STM32F1xx_HAL_Driver/Src/stm32f1xx_hal_dma.o
LOAD Drivers/STM32F1xx_HAL_Driver/Src/stm32f1xx_hal_exti.o
LOAD Drivers/STM32F1xx_HAL_Driver/Src/stm32f1xx_hal_flash.o
LOAD Drivers/STM32F1xx_HAL_Driver/Src/stm32f1xx_hal_flash_ex.o
LOAD Drivers/STM32F1xx_HAL_Driver/Src/stm32f1xx_hal_gpio.o
LOAD Drivers/STM32F1xx_HAL_Driver/Src/stm32f1xx_hal_gpio_ex.o
LOAD Drivers/STM32F1xx_HAL_Driver/Src/stm32f1xx_hal_pwr.o
LOAD Drivers/STM32F1xx_HAL_Driver/Src/stm32f1xx_hal_rcc.o
LOAD Drivers/STM32F1xx_HAL_Driver/Src/stm32f1xx_hal_rcc_ex.o
LOAD Drivers/STM32F1xx_HAL_Driver/Src/stm32f1xx_hal_tim.o
LOAD Drivers/STM32F1xx_HAL_Driver/Src/stm32f1xx_hal_tim_ex.o
START GROUP
LOAD /opt/st/stm32cubeide_1.5.1/plugins/com.st.stm32cube.ide.mcu.externaltools.gnu-tools-for-stm32.7-2018-q2-update.linux64_1.5.0.202011040924/tools/bin/../lib/gcc/arm-none-eabi/7.3.1/../../../../arm-none-eabi/lib/thumb/v7-m/libc_nano.a
LOAD /opt/st/stm32cubeide_1.5.1/plugins/com.st.stm32cube.ide.mcu.externaltools.gnu-tools-for-stm32.7-2018-q2-update.linux64_1.5.0.202011040924/tools/bin/../lib/gcc/arm-none-eabi/7.3.1/../../../../arm-none-eabi/lib/thumb/v7-m/libm.a
END GROUP
START GROUP
LOAD /opt/st/stm32cubeide_1.5.1/plugins/com.st.stm32cube.ide.mcu.externaltools.gnu-tools-for-stm32.7-2018-q2-update.linux64_1.5.0.202011040924/tools/bin/../lib/gcc/arm-none-eabi/7.3.1/thumb/v7-m/libgcc.a
LOAD /opt/st/stm32cubeide_1.5.1/plugins/com.st.stm32cube.ide.mcu.externaltools.gnu-tools-for-stm32.7-2018-q2-update.linux64_1.5.0.202011040924/tools/bin/../lib/gcc/arm-none-eabi/7.3.1/../../../../arm-none-eabi/lib/thumb/v7-m/libc_nano.a
END GROUP
START GROUP
LOAD /opt/st/stm32cubeide_1.5.1/plugins/com.st.stm32cube.ide.mcu.externaltools.gnu-tools-for-stm32.7-2018-q2-update.linux64_1.5.0.202011040924/tools/bin/../lib/gcc/arm-none-eabi/7.3.1/thumb/v7-m/libgcc.a
LOAD /opt/st/stm32cubeide_1.5.1/plugins/com.st.stm32cube.ide.mcu.externaltools.gnu-tools-for-stm32.7-2018-q2-update.linux64_1.5.0.202011040924/tools/bin/../lib/gcc/arm-none-eabi/7.3.1/../../../../arm-none-eabi/lib/thumb/v7-m/libc_nano.a
LOAD /opt/st/stm32cubeide_1.5.1/plugins/com.st.stm32cube.ide.mcu.externaltools.gnu-tools-for-stm32.7-2018-q2-update.linux64_1.5.0.202011040924/tools/bin/../lib/gcc/arm-none-eabi/7.3.1/../../../../arm-none-eabi/lib/thumb/v7-m/libnosys.a
END GROUP
START GROUP
LOAD /opt/st/stm32cubeide_1.5.1/plugins/com.st.stm32cube.ide.mcu.externaltools.gnu-tools-for-stm32.7-2018-q2-update.linux64_1.5.0.202011040924/tools/bin/../lib/gcc/arm-none-eabi/7.3.1/thumb/v7-m/libgcc.a
LOAD /opt/st/stm32cubeide_1.5.1/plugins/com.st.stm32cube.ide.mcu.externaltools.gnu-tools-for-stm32.7-2018-q2-update.linux64_1.5.0.202011040924/tools/bin/../lib/gcc/arm-none-eabi/7.3.1/../../../../arm-none-eabi/lib/thumb/v7-m/libc_nano.a
LOAD /opt/st/stm32cubeide_1.5.1/plugins/com.st.stm32cube.ide.mcu.externaltools.gnu-tools-for-stm32.7-2018-q2-update.linux64_1.5.0.202011040924/tools/bin/../lib/gcc/arm-none-eabi/7.3.1/../../../../arm-none-eabi/lib/thumb/v7-m/libnosys.a
END GROUP
LOAD /opt/st/stm32cubeide_1.5.1/plugins/com.st.stm32cube.ide.mcu.externaltools.gnu-tools-for-stm32.7-2018-q2-update.linux64_1.5.0.202011040924/tools/bin/../lib/gcc/arm-none-eabi/7.3.1/thumb/v7-m/crtend.o
LOAD /opt/st/stm32cubeide_1.5.1/plugins/com.st.stm32cube.ide.mcu.externaltools.gnu-tools-for-stm32.7-2018-q2-update.linux64_1.5.0.202011040924/tools/bin/../lib/gcc/arm-none-eabi/7.3.1/thumb/v7-m/crtn.o
                0x0000000020005000                _estack = (ORIGIN (RAM) + LENGTH (RAM))
                0x0000000000000200                _Min_Heap_Size = 0x200
                0x0000000000000400                _Min_Stack_Size = 0x400

.isr_vector     0x0000000008000000      0x10c
                0x0000000008000000                . = ALIGN (0x4)
 *(.isr_vector)
 .isr_vector    0x0000000008000000      0x10c Core/Startup/startup_stm32f103c8tx.o
                0x0000000008000000                g_pfnVectors
                0x000000000800010c                . = ALIGN (0x4)

.text           0x000000000800010c     0x34ac
                0x000000000800010c                . = ALIGN (0x4)
 *(.text)
 .text          0x000000000800010c       0x40 /opt/st/stm32cubeide_1.5.1/plugins/com.st.stm32cube.ide.mcu.externaltools.gnu-tools-for-stm32.7-2018-q2-update.linux64_1.5.0.202011040924/tools/bin/../lib/gcc/arm-none-eabi/7.3.1/thumb/v7-m/crtbegin.o
 *(.text*)
 .text.strtoINT
                0x000000000800014c       0x78 Core/Src/functions.o
                0x000000000800014c                strtoINT
 .text.MX_GPIO_Init
                0x00000000080001c4       0xf8 Core/Src/gpio.o
                0x00000000080001c4                MX_GPIO_Init
 .text.LCD_string
                0x00000000080002bc       0x2a Core/Src/lcd.o
                0x00000000080002bc                LCD_string
 .text.LCD_goto
                0x00000000080002e6       0x64 Core/Src/lcd.o
                0x00000000080002e6                LCD_goto
 *fill*         0x000000000800034a        0x2 
 .text.LCD_enable
                0x000000000800034c       0x3c Core/Src/lcd.o
                0x000000000800034c                LCD_enable
 .text.LCD_cmd  0x0000000008000388       0xe0 Core/Src/lcd.o
                0x0000000008000388                LCD_cmd
 .text.LCD_data
                0x0000000008000468       0xe0 Core/Src/lcd.o
                0x0000000008000468                LCD_data
 .text.LCD_init
                0x0000000008000548       0x6a Core/Src/lcd.o
                0x0000000008000548                LCD_init
 *fill*         0x00000000080005b2        0x2 
 .text.LCD_test
                0x00000000080005b4       0x38 Core/Src/lcd.o
                0x00000000080005b4                LCD_test
 .text.main     0x00000000080005ec      0x120 Core/Src/main.o
                0x00000000080005ec                main
 .text.SystemClock_Config
                0x000000000800070c       0x80 Core/Src/main.o
                0x000000000800070c                SystemClock_Config
 .text.HAL_TIM_PeriodElapsedCallback
                0x000000000800078c       0x64 Core/Src/main.o
                0x000000000800078c                HAL_TIM_PeriodElapsedCallback
 .text.Error_Handler
                0x00000000080007f0        0x8 Core/Src/main.o
                0x00000000080007f0                Error_Handler
 .text.HAL_MspInit
                0x00000000080007f8       0x64 Core/Src/stm32f1xx_hal_msp.o
                0x00000000080007f8                HAL_MspInit
 .text.NMI_Handler
                0x000000000800085c        0x6 Core/Src/stm32f1xx_it.o
                0x000000000800085c                NMI_Handler
 .text.HardFault_Handler
                0x0000000008000862        0x6 Core/Src/stm32f1xx_it.o
                0x0000000008000862                HardFault_Handler
 .text.MemManage_Handler
                0x0000000008000868        0x6 Core/Src/stm32f1xx_it.o
                0x0000000008000868                MemManage_Handler
 .text.BusFault_Handler
                0x000000000800086e        0x6 Core/Src/stm32f1xx_it.o
                0x000000000800086e                BusFault_Handler
 .text.UsageFault_Handler
                0x0000000008000874        0x6 Core/Src/stm32f1xx_it.o
                0x0000000008000874                UsageFault_Handler
 .text.SVC_Handler
                0x000000000800087a        0xc Core/Src/stm32f1xx_it.o
                0x000000000800087a                SVC_Handler
 .text.DebugMon_Handler
                0x0000000008000886        0xc Core/Src/stm32f1xx_it.o
                0x0000000008000886                DebugMon_Handler
 .text.PendSV_Handler
                0x0000000008000892        0xc Core/Src/stm32f1xx_it.o
                0x0000000008000892                PendSV_Handler
 .text.SysTick_Handler
                0x000000000800089e        0xc Core/Src/stm32f1xx_it.o
                0x000000000800089e                SysTick_Handler
 *fill*         0x00000000080008aa        0x2 
 .text.TIM4_IRQHandler
                0x00000000080008ac       0x14 Core/Src/stm32f1xx_it.o
                0x00000000080008ac                TIM4_IRQHandler
 .text._sbrk    0x00000000080008c0       0x6c Core/Src/sysmem.o
                0x00000000080008c0                _sbrk
 .text.SystemInit
                0x000000000800092c        0xc Core/Src/system_stm32f1xx.o
                0x000000000800092c                SystemInit
 .text.MX_TIM1_Init
                0x0000000008000938      0x150 Core/Src/tim.o
                0x0000000008000938                MX_TIM1_Init
 .text.MX_TIM2_Init
                0x0000000008000a88      0x118 Core/Src/tim.o
                0x0000000008000a88                MX_TIM2_Init
 .text.MX_TIM3_Init
                0x0000000008000ba0      0x130 Core/Src/tim.o
                0x0000000008000ba0                MX_TIM3_Init
 .text.MX_TIM4_Init
                0x0000000008000cd0       0x9c Core/Src/tim.o
                0x0000000008000cd0                MX_TIM4_Init
 .text.HAL_TIM_PWM_MspInit
                0x0000000008000d6c       0x3c Core/Src/tim.o
                0x0000000008000d6c                HAL_TIM_PWM_MspInit
 .text.HAL_TIM_Base_MspInit
                0x0000000008000da8       0x98 Core/Src/tim.o
                0x0000000008000da8                HAL_TIM_Base_MspInit
 .text.HAL_TIM_MspPostInit
                0x0000000008000e40      0x118 Core/Src/tim.o
                0x0000000008000e40                HAL_TIM_MspPostInit
 .text.Reset_Handler
                0x0000000008000f58       0x48 Core/Startup/startup_stm32f103c8tx.o
                0x0000000008000f58                Reset_Handler
 .text.Default_Handler
                0x0000000008000fa0        0x2 Core/Startup/startup_stm32f103c8tx.o
                0x0000000008000fa0                RTC_Alarm_IRQHandler
                0x0000000008000fa0                EXTI2_IRQHandler
                0x0000000008000fa0                TIM1_CC_IRQHandler
                0x0000000008000fa0                PVD_IRQHandler
                0x0000000008000fa0                EXTI3_IRQHandler
                0x0000000008000fa0                EXTI0_IRQHandler
                0x0000000008000fa0                I2C2_EV_IRQHandler
                0x0000000008000fa0                ADC1_2_IRQHandler
                0x0000000008000fa0                SPI1_IRQHandler
                0x0000000008000fa0                TAMPER_IRQHandler
                0x0000000008000fa0                DMA1_Channel4_IRQHandler
                0x0000000008000fa0                USART3_IRQHandler
                0x0000000008000fa0                RTC_IRQHandler
                0x0000000008000fa0                DMA1_Channel7_IRQHandler
                0x0000000008000fa0                CAN1_RX1_IRQHandler
                0x0000000008000fa0                I2C1_EV_IRQHandler
                0x0000000008000fa0                DMA1_Channel6_IRQHandler
                0x0000000008000fa0                TIM3_IRQHandler
                0x0000000008000fa0                RCC_IRQHandler
                0x0000000008000fa0                TIM1_TRG_COM_IRQHandler
                0x0000000008000fa0                DMA1_Channel1_IRQHandler
                0x0000000008000fa0                Default_Handler
                0x0000000008000fa0                EXTI15_10_IRQHandler
                0x0000000008000fa0                EXTI9_5_IRQHandler
                0x0000000008000fa0                SPI2_IRQHandler
                0x0000000008000fa0                DMA1_Channel5_IRQHandler
                0x0000000008000fa0                EXTI4_IRQHandler
                0x0000000008000fa0                USB_LP_CAN1_RX0_IRQHandler
                0x0000000008000fa0                USB_HP_CAN1_TX_IRQHandler
                0x0000000008000fa0                DMA1_Channel3_IRQHandler
                0x0000000008000fa0                TIM1_UP_IRQHandler
                0x0000000008000fa0                WWDG_IRQHandler
                0x0000000008000fa0                TIM2_IRQHandler
                0x0000000008000fa0                TIM1_BRK_IRQHandler
                0x0000000008000fa0                EXTI1_IRQHandler
                0x0000000008000fa0                USART2_IRQHandler
                0x0000000008000fa0                I2C2_ER_IRQHandler
                0x0000000008000fa0                DMA1_Channel2_IRQHandler
                0x0000000008000fa0                CAN1_SCE_IRQHandler
                0x0000000008000fa0                FLASH_IRQHandler
                0x0000000008000fa0                USART1_IRQHandler
                0x0000000008000fa0                I2C1_ER_IRQHandler
                0x0000000008000fa0                USBWakeUp_IRQHandler
 *fill*         0x0000000008000fa2        0x2 
 .text.HAL_Init
                0x0000000008000fa4       0x2c Drivers/STM32F1xx_HAL_Driver/Src/stm32f1xx_hal.o
                0x0000000008000fa4                HAL_Init
 .text.HAL_InitTick
                0x0000000008000fd0       0x60 Drivers/STM32F1xx_HAL_Driver/Src/stm32f1xx_hal.o
                0x0000000008000fd0                HAL_InitTick
 .text.HAL_IncTick
                0x0000000008001030       0x24 Drivers/STM32F1xx_HAL_Driver/Src/stm32f1xx_hal.o
                0x0000000008001030                HAL_IncTick
 .text.HAL_GetTick
                0x0000000008001054       0x14 Drivers/STM32F1xx_HAL_Driver/Src/stm32f1xx_hal.o
                0x0000000008001054                HAL_GetTick
 .text.HAL_Delay
                0x0000000008001068       0x44 Drivers/STM32F1xx_HAL_Driver/Src/stm32f1xx_hal.o
                0x0000000008001068                HAL_Delay
 .text.__NVIC_SetPriorityGrouping
                0x00000000080010ac       0x48 Drivers/STM32F1xx_HAL_Driver/Src/stm32f1xx_hal_cortex.o
 .text.__NVIC_GetPriorityGrouping
                0x00000000080010f4       0x1c Drivers/STM32F1xx_HAL_Driver/Src/stm32f1xx_hal_cortex.o
 .text.__NVIC_EnableIRQ
                0x0000000008001110       0x38 Drivers/STM32F1xx_HAL_Driver/Src/stm32f1xx_hal_cortex.o
 .text.__NVIC_SetPriority
                0x0000000008001148       0x54 Drivers/STM32F1xx_HAL_Driver/Src/stm32f1xx_hal_cortex.o
 .text.NVIC_EncodePriority
                0x000000000800119c       0x64 Drivers/STM32F1xx_HAL_Driver/Src/stm32f1xx_hal_cortex.o
 .text.SysTick_Config
                0x0000000008001200       0x44 Drivers/STM32F1xx_HAL_Driver/Src/stm32f1xx_hal_cortex.o
 .text.HAL_NVIC_SetPriorityGrouping
                0x0000000008001244       0x16 Drivers/STM32F1xx_HAL_Driver/Src/stm32f1xx_hal_cortex.o
                0x0000000008001244                HAL_NVIC_SetPriorityGrouping
 .text.HAL_NVIC_SetPriority
                0x000000000800125a       0x38 Drivers/STM32F1xx_HAL_Driver/Src/stm32f1xx_hal_cortex.o
                0x000000000800125a                HAL_NVIC_SetPriority
 .text.HAL_NVIC_EnableIRQ
                0x0000000008001292       0x1c Drivers/STM32F1xx_HAL_Driver/Src/stm32f1xx_hal_cortex.o
                0x0000000008001292                HAL_NVIC_EnableIRQ
 .text.HAL_SYSTICK_Config
                0x00000000080012ae       0x18 Drivers/STM32F1xx_HAL_Driver/Src/stm32f1xx_hal_cortex.o
                0x00000000080012ae                HAL_SYSTICK_Config
 *fill*         0x00000000080012c6        0x2 
 .text.HAL_GPIO_Init
                0x00000000080012c8      0x2b4 Drivers/STM32F1xx_HAL_Driver/Src/stm32f1xx_hal_gpio.o
                0x00000000080012c8                HAL_GPIO_Init
 .text.HAL_GPIO_ReadPin
                0x000000000800157c       0x2e Drivers/STM32F1xx_HAL_Driver/Src/stm32f1xx_hal_gpio.o
                0x000000000800157c                HAL_GPIO_ReadPin
 .text.HAL_GPIO_WritePin
                0x00000000080015aa       0x30 Drivers/STM32F1xx_HAL_Driver/Src/stm32f1xx_hal_gpio.o
                0x00000000080015aa                HAL_GPIO_WritePin
 .text.HAL_GPIO_TogglePin
                0x00000000080015da       0x32 Drivers/STM32F1xx_HAL_Driver/Src/stm32f1xx_hal_gpio.o
                0x00000000080015da                HAL_GPIO_TogglePin
 .text.HAL_RCC_OscConfig
                0x000000000800160c      0x500 Drivers/STM32F1xx_HAL_Driver/Src/stm32f1xx_hal_rcc.o
                0x000000000800160c                HAL_RCC_OscConfig
 .text.HAL_RCC_ClockConfig
                0x0000000008001b0c      0x1d4 Drivers/STM32F1xx_HAL_Driver/Src/stm32f1xx_hal_rcc.o
                0x0000000008001b0c                HAL_RCC_ClockConfig
 .text.HAL_RCC_GetSysClockFreq
                0x0000000008001ce0       0xc4 Drivers/STM32F1xx_HAL_Driver/Src/stm32f1xx_hal_rcc.o
                0x0000000008001ce0                HAL_RCC_GetSysClockFreq
 .text.RCC_Delay
                0x0000000008001da4       0x3c Drivers/STM32F1xx_HAL_Driver/Src/stm32f1xx_hal_rcc.o
 .text.HAL_TIM_Base_Init
                0x0000000008001de0       0x9e Drivers/STM32F1xx_HAL_Driver/Src/stm32f1xx_hal_tim.o
                0x0000000008001de0                HAL_TIM_Base_Init
 *fill*         0x0000000008001e7e        0x2 
 .text.HAL_TIM_Base_Start_IT
                0x0000000008001e80       0xa4 Drivers/STM32F1xx_HAL_Driver/Src/stm32f1xx_hal_tim.o
                0x0000000008001e80                HAL_TIM_Base_Start_IT
 .text.HAL_TIM_PWM_Init
                0x0000000008001f24       0x9e Drivers/STM32F1xx_HAL_Driver/Src/stm32f1xx_hal_tim.o
                0x0000000008001f24                HAL_TIM_PWM_Init
 *fill*         0x0000000008001fc2        0x2 
 .text.HAL_TIM_PWM_Start
                0x0000000008001fc4      0x144 Drivers/STM32F1xx_HAL_Driver/Src/stm32f1xx_hal_tim.o
                0x0000000008001fc4                HAL_TIM_PWM_Start
 .text.HAL_TIM_IRQHandler
                0x0000000008002108      0x210 Drivers/STM32F1xx_HAL_Driver/Src/stm32f1xx_hal_tim.o
                0x0000000008002108                HAL_TIM_IRQHandler
 .text.HAL_TIM_PWM_ConfigChannel
                0x0000000008002318      0x17c Drivers/STM32F1xx_HAL_Driver/Src/stm32f1xx_hal_tim.o
                0x0000000008002318                HAL_TIM_PWM_ConfigChannel
 .text.HAL_TIM_ConfigClockSource
                0x0000000008002494      0x16e Drivers/STM32F1xx_HAL_Driver/Src/stm32f1xx_hal_tim.o
                0x0000000008002494                HAL_TIM_ConfigClockSource
 .text.HAL_TIM_OC_DelayElapsedCallback
                0x0000000008002602       0x12 Drivers/STM32F1xx_HAL_Driver/Src/stm32f1xx_hal_tim.o
                0x0000000008002602                HAL_TIM_OC_DelayElapsedCallback
 .text.HAL_TIM_IC_CaptureCallback
                0x0000000008002614       0x12 Drivers/STM32F1xx_HAL_Driver/Src/stm32f1xx_hal_tim.o
                0x0000000008002614                HAL_TIM_IC_CaptureCallback
 .text.HAL_TIM_PWM_PulseFinishedCallback
                0x0000000008002626       0x12 Drivers/STM32F1xx_HAL_Driver/Src/stm32f1xx_hal_tim.o
                0x0000000008002626                HAL_TIM_PWM_PulseFinishedCallback
 .text.HAL_TIM_TriggerCallback
                0x0000000008002638       0x12 Drivers/STM32F1xx_HAL_Driver/Src/stm32f1xx_hal_tim.o
                0x0000000008002638                HAL_TIM_TriggerCallback
 *fill*         0x000000000800264a        0x2 
 .text.TIM_Base_SetConfig
                0x000000000800264c       0xc4 Drivers/STM32F1xx_HAL_Driver/Src/stm32f1xx_hal_tim.o
                0x000000000800264c                TIM_Base_SetConfig
 .text.TIM_OC1_SetConfig
                0x0000000008002710       0xcc Drivers/STM32F1xx_HAL_Driver/Src/stm32f1xx_hal_tim.o
 .text.TIM_OC2_SetConfig
                0x00000000080027dc       0xd4 Drivers/STM32F1xx_HAL_Driver/Src/stm32f1xx_hal_tim.o
                0x00000000080027dc                TIM_OC2_SetConfig
 .text.TIM_OC3_SetConfig
                0x00000000080028b0       0xd4 Drivers/STM32F1xx_HAL_Driver/Src/stm32f1xx_hal_tim.o
 .text.TIM_OC4_SetConfig
                0x0000000008002984       0x9c Drivers/STM32F1xx_HAL_Driver/Src/stm32f1xx_hal_tim.o
 .text.TIM_TI1_ConfigInputStage
                0x0000000008002a20       0x5c Drivers/STM32F1xx_HAL_Driver/Src/stm32f1xx_hal_tim.o
 .text.TIM_TI2_ConfigInputStage
                0x0000000008002a7c       0x5e Drivers/STM32F1xx_HAL_Driver/Src/stm32f1xx_hal_tim.o
 .text.TIM_ITRx_SetConfig
                0x0000000008002ada       0x34 Drivers/STM32F1xx_HAL_Driver/Src/stm32f1xx_hal_tim.o
 .text.TIM_ETR_SetConfig
                0x0000000008002b0e       0x3e Drivers/STM32F1xx_HAL_Driver/Src/stm32f1xx_hal_tim.o
                0x0000000008002b0e                TIM_ETR_SetConfig
 .text.TIM_CCxChannelCmd
                0x0000000008002b4c       0x48 Drivers/STM32F1xx_HAL_Driver/Src/stm32f1xx_hal_tim.o
                0x0000000008002b4c                TIM_CCxChannelCmd
 .text.HAL_TIMEx_MasterConfigSynchronization
                0x0000000008002b94       0xbc Drivers/STM32F1xx_HAL_Driver/Src/stm32f1xx_hal_tim_ex.o
                0x0000000008002b94                HAL_TIMEx_MasterConfigSynchronization
 .text.HAL_TIMEx_ConfigBreakDeadTime
                0x0000000008002c50       0xa2 Drivers/STM32F1xx_HAL_Driver/Src/stm32f1xx_hal_tim_ex.o
                0x0000000008002c50                HAL_TIMEx_ConfigBreakDeadTime
 .text.HAL_TIMEx_CommutCallback
                0x0000000008002cf2       0x12 Drivers/STM32F1xx_HAL_Driver/Src/stm32f1xx_hal_tim_ex.o
                0x0000000008002cf2                HAL_TIMEx_CommutCallback
 .text.HAL_TIMEx_BreakCallback
                0x0000000008002d04       0x12 Drivers/STM32F1xx_HAL_Driver/Src/stm32f1xx_hal_tim_ex.o
                0x0000000008002d04                HAL_TIMEx_BreakCallback
 *fill*         0x0000000008002d16        0x2 
 .text.__errno  0x0000000008002d18        0xc /opt/st/stm32cubeide_1.5.1/plugins/com.st.stm32cube.ide.mcu.externaltools.gnu-tools-for-stm32.7-2018-q2-update.linux64_1.5.0.202011040924/tools/bin/../lib/gcc/arm-none-eabi/7.3.1/../../../../arm-none-eabi/lib/thumb/v7-m/libc_nano.a(lib_a-errno.o)
                0x0000000008002d18                __errno
 .text.__libc_init_array
                0x0000000008002d24       0x48 /opt/st/stm32cubeide_1.5.1/plugins/com.st.stm32cube.ide.mcu.externaltools.gnu-tools-for-stm32.7-2018-q2-update.linux64_1.5.0.202011040924/tools/bin/../lib/gcc/arm-none-eabi/7.3.1/../../../../arm-none-eabi/lib/thumb/v7-m/libc_nano.a(lib_a-init.o)
                0x0000000008002d24                __libc_init_array
 .text.memset   0x0000000008002d6c       0x10 /opt/st/stm32cubeide_1.5.1/plugins/com.st.stm32cube.ide.mcu.externaltools.gnu-tools-for-stm32.7-2018-q2-update.linux64_1.5.0.202011040924/tools/bin/../lib/gcc/arm-none-eabi/7.3.1/../../../../arm-none-eabi/lib/thumb/v7-m/libc_nano.a(lib_a-memset.o)
                0x0000000008002d6c                memset
 .text.sprintf  0x0000000008002d7c       0x40 /opt/st/stm32cubeide_1.5.1/plugins/com.st.stm32cube.ide.mcu.externaltools.gnu-tools-for-stm32.7-2018-q2-update.linux64_1.5.0.202011040924/tools/bin/../lib/gcc/arm-none-eabi/7.3.1/../../../../arm-none-eabi/lib/thumb/v7-m/libc_nano.a(lib_a-sprintf.o)
                0x0000000008002d7c                sprintf
                0x0000000008002d7c                siprintf
 .text.__ssputs_r
                0x0000000008002dbc       0xb4 /opt/st/stm32cubeide_1.5.1/plugins/com.st.stm32cube.ide.mcu.externaltools.gnu-tools-for-stm32.7-2018-q2-update.linux64_1.5.0.202011040924/tools/bin/../lib/gcc/arm-none-eabi/7.3.1/../../../../arm-none-eabi/lib/thumb/v7-m/libc_nano.a(lib_a-nano-svfprintf.o)
                0x0000000008002dbc                __ssputs_r
 .text._svfprintf_r
                0x0000000008002e70      0x1f0 /opt/st/stm32cubeide_1.5.1/plugins/com.st.stm32cube.ide.mcu.externaltools.gnu-tools-for-stm32.7-2018-q2-update.linux64_1.5.0.202011040924/tools/bin/../lib/gcc/arm-none-eabi/7.3.1/../../../../arm-none-eabi/lib/thumb/v7-m/libc_nano.a(lib_a-nano-svfprintf.o)
                0x0000000008002e70                _svfprintf_r
                0x0000000008002e70                _svfiprintf_r
 .text._printf_common
                0x0000000008003060       0xec /opt/st/stm32cubeide_1.5.1/plugins/com.st.stm32cube.ide.mcu.externaltools.gnu-tools-for-stm32.7-2018-q2-update.linux64_1.5.0.202011040924/tools/bin/../lib/gcc/arm-none-eabi/7.3.1/../../../../arm-none-eabi/lib/thumb/v7-m/libc_nano.a(lib_a-nano-vfprintf_i.o)
                0x0000000008003060                _printf_common
 .text._printf_i
                0x000000000800314c      0x224 /opt/st/stm32cubeide_1.5.1/plugins/com.st.stm32cube.ide.mcu.externaltools.gnu-tools-for-stm32.7-2018-q2-update.linux64_1.5.0.202011040924/tools/bin/../lib/gcc/arm-none-eabi/7.3.1/../../../../arm-none-eabi/lib/thumb/v7-m/libc_nano.a(lib_a-nano-vfprintf_i.o)
                0x000000000800314c                _printf_i
 .text.memchr   0x0000000008003370       0x1c /opt/st/stm32cubeide_1.5.1/plugins/com.st.stm32cube.ide.mcu.externaltools.gnu-tools-for-stm32.7-2018-q2-update.linux64_1.5.0.202011040924/tools/bin/../lib/gcc/arm-none-eabi/7.3.1/../../../../arm-none-eabi/lib/thumb/v7-m/libc_nano.a(lib_a-memchr-stub.o)
                0x0000000008003370                memchr
 .text.memcpy   0x000000000800338c       0x16 /opt/st/stm32cubeide_1.5.1/plugins/com.st.stm32cube.ide.mcu.externaltools.gnu-tools-for-stm32.7-2018-q2-update.linux64_1.5.0.202011040924/tools/bin/../lib/gcc/arm-none-eabi/7.3.1/../../../../arm-none-eabi/lib/thumb/v7-m/libc_nano.a(lib_a-memcpy-stub.o)
                0x000000000800338c                memcpy
 .text.memmove  0x00000000080033a2       0x32 /opt/st/stm32cubeide_1.5.1/plugins/com.st.stm32cube.ide.mcu.externaltools.gnu-tools-for-stm32.7-2018-q2-update.linux64_1.5.0.202011040924/tools/bin/../lib/gcc/arm-none-eabi/7.3.1/../../../../arm-none-eabi/lib/thumb/v7-m/libc_nano.a(lib_a-memmove.o)
                0x00000000080033a2                memmove
 .text._free_r  0x00000000080033d4       0x98 /opt/st/stm32cubeide_1.5.1/plugins/com.st.stm32cube.ide.mcu.externaltools.gnu-tools-for-stm32.7-2018-q2-update.linux64_1.5.0.202011040924/tools/bin/../lib/gcc/arm-none-eabi/7.3.1/../../../../arm-none-eabi/lib/thumb/v7-m/libc_nano.a(lib_a-nano-freer.o)
                0x00000000080033d4                _free_r
 .text._malloc_r
                0x000000000800346c       0xb4 /opt/st/stm32cubeide_1.5.1/plugins/com.st.stm32cube.ide.mcu.externaltools.gnu-tools-for-stm32.7-2018-q2-update.linux64_1.5.0.202011040924/tools/bin/../lib/gcc/arm-none-eabi/7.3.1/../../../../arm-none-eabi/lib/thumb/v7-m/libc_nano.a(lib_a-nano-mallocr.o)
                0x000000000800346c                _malloc_r
 .text._realloc_r
                0x0000000008003520       0x4c /opt/st/stm32cubeide_1.5.1/plugins/com.st.stm32cube.ide.mcu.externaltools.gnu-tools-for-stm32.7-2018-q2-update.linux64_1.5.0.202011040924/tools/bin/../lib/gcc/arm-none-eabi/7.3.1/../../../../arm-none-eabi/lib/thumb/v7-m/libc_nano.a(lib_a-nano-reallocr.o)
                0x0000000008003520                _realloc_r
 .text._sbrk_r  0x000000000800356c       0x20 /opt/st/stm32cubeide_1.5.1/plugins/com.st.stm32cube.ide.mcu.externaltools.gnu-tools-for-stm32.7-2018-q2-update.linux64_1.5.0.202011040924/tools/bin/../lib/gcc/arm-none-eabi/7.3.1/../../../../arm-none-eabi/lib/thumb/v7-m/libc_nano.a(lib_a-sbrkr.o)
                0x000000000800356c                _sbrk_r
 .text.__malloc_lock
                0x000000000800358c        0x2 /opt/st/stm32cubeide_1.5.1/plugins/com.st.stm32cube.ide.mcu.externaltools.gnu-tools-for-stm32.7-2018-q2-update.linux64_1.5.0.202011040924/tools/bin/../lib/gcc/arm-none-eabi/7.3.1/../../../../arm-none-eabi/lib/thumb/v7-m/libc_nano.a(lib_a-mlock.o)
                0x000000000800358c                __malloc_lock
 .text.__malloc_unlock
                0x000000000800358e        0x2 /opt/st/stm32cubeide_1.5.1/plugins/com.st.stm32cube.ide.mcu.externaltools.gnu-tools-for-stm32.7-2018-q2-update.linux64_1.5.0.202011040924/tools/bin/../lib/gcc/arm-none-eabi/7.3.1/../../../../arm-none-eabi/lib/thumb/v7-m/libc_nano.a(lib_a-mlock.o)
                0x000000000800358e                __malloc_unlock
 .text._malloc_usable_size_r
                0x0000000008003590       0x10 /opt/st/stm32cubeide_1.5.1/plugins/com.st.stm32cube.ide.mcu.externaltools.gnu-tools-for-stm32.7-2018-q2-update.linux64_1.5.0.202011040924/tools/bin/../lib/gcc/arm-none-eabi/7.3.1/../../../../arm-none-eabi/lib/thumb/v7-m/libc_nano.a(lib_a-nano-msizer.o)
                0x0000000008003590                _malloc_usable_size_r
 *(.glue_7)
 .glue_7        0x00000000080035a0        0x0 linker stubs
 *(.glue_7t)
 .glue_7t       0x00000000080035a0        0x0 linker stubs
 *(.eh_frame)
 .eh_frame      0x00000000080035a0        0x0 /opt/st/stm32cubeide_1.5.1/plugins/com.st.stm32cube.ide.mcu.externaltools.gnu-tools-for-stm32.7-2018-q2-update.linux64_1.5.0.202011040924/tools/bin/../lib/gcc/arm-none-eabi/7.3.1/thumb/v7-m/crtbegin.o
 *(.init)
 .init          0x00000000080035a0        0x4 /opt/st/stm32cubeide_1.5.1/plugins/com.st.stm32cube.ide.mcu.externaltools.gnu-tools-for-stm32.7-2018-q2-update.linux64_1.5.0.202011040924/tools/bin/../lib/gcc/arm-none-eabi/7.3.1/thumb/v7-m/crti.o
                0x00000000080035a0                _init
 .init          0x00000000080035a4        0x8 /opt/st/stm32cubeide_1.5.1/plugins/com.st.stm32cube.ide.mcu.externaltools.gnu-tools-for-stm32.7-2018-q2-update.linux64_1.5.0.202011040924/tools/bin/../lib/gcc/arm-none-eabi/7.3.1/thumb/v7-m/crtn.o
 *(.fini)
 .fini          0x00000000080035ac        0x4 /opt/st/stm32cubeide_1.5.1/plugins/com.st.stm32cube.ide.mcu.externaltools.gnu-tools-for-stm32.7-2018-q2-update.linux64_1.5.0.202011040924/tools/bin/../lib/gcc/arm-none-eabi/7.3.1/thumb/v7-m/crti.o
                0x00000000080035ac                _fini
 .fini          0x00000000080035b0        0x8 /opt/st/stm32cubeide_1.5.1/plugins/com.st.stm32cube.ide.mcu.externaltools.gnu-tools-for-stm32.7-2018-q2-update.linux64_1.5.0.202011040924/tools/bin/../lib/gcc/arm-none-eabi/7.3.1/thumb/v7-m/crtn.o
                0x00000000080035b8                . = ALIGN (0x4)
                0x00000000080035b8                _etext = .

.vfp11_veneer   0x00000000080035b8        0x0
 .vfp11_veneer  0x00000000080035b8        0x0 linker stubs

.v4_bx          0x00000000080035b8        0x0
 .v4_bx         0x00000000080035b8        0x0 linker stubs

.iplt           0x00000000080035b8        0x0
 .iplt          0x00000000080035b8        0x0 /opt/st/stm32cubeide_1.5.1/plugins/com.st.stm32cube.ide.mcu.externaltools.gnu-tools-for-stm32.7-2018-q2-update.linux64_1.5.0.202011040924/tools/bin/../lib/gcc/arm-none-eabi/7.3.1/thumb/v7-m/crtbegin.o

.rodata         0x00000000080035b8       0x7c
                0x00000000080035b8                . = ALIGN (0x4)
 *(.rodata)
 .rodata        0x00000000080035b8        0x3 Core/Src/functions.o
 *fill*         0x00000000080035bb        0x1 
 .rodata        0x00000000080035bc       0x11 Core/Src/lcd.o
 *fill*         0x00000000080035cd        0x3 
 .rodata        0x00000000080035d0        0xc Core/Src/main.o
 .rodata        0x00000000080035dc       0x12 Drivers/STM32F1xx_HAL_Driver/Src/stm32f1xx_hal_rcc.o
 *(.rodata*)
 *fill*         0x00000000080035ee        0x2 
 .rodata.AHBPrescTable
                0x00000000080035f0       0x10 Core/Src/system_stm32f1xx.o
                0x00000000080035f0                AHBPrescTable
 .rodata._svfprintf_r.str1.1
                0x0000000008003600       0x11 /opt/st/stm32cubeide_1.5.1/plugins/com.st.stm32cube.ide.mcu.externaltools.gnu-tools-for-stm32.7-2018-q2-update.linux64_1.5.0.202011040924/tools/bin/../lib/gcc/arm-none-eabi/7.3.1/../../../../arm-none-eabi/lib/thumb/v7-m/libc_nano.a(lib_a-nano-svfprintf.o)
 .rodata._printf_i.str1.1
                0x0000000008003611       0x22 /opt/st/stm32cubeide_1.5.1/plugins/com.st.stm32cube.ide.mcu.externaltools.gnu-tools-for-stm32.7-2018-q2-update.linux64_1.5.0.202011040924/tools/bin/../lib/gcc/arm-none-eabi/7.3.1/../../../../arm-none-eabi/lib/thumb/v7-m/libc_nano.a(lib_a-nano-vfprintf_i.o)
                0x0000000008003634                . = ALIGN (0x4)
 *fill*         0x0000000008003633        0x1 

.rel.dyn        0x0000000008003634        0x0
 .rel.iplt      0x0000000008003634        0x0 /opt/st/stm32cubeide_1.5.1/plugins/com.st.stm32cube.ide.mcu.externaltools.gnu-tools-for-stm32.7-2018-q2-update.linux64_1.5.0.202011040924/tools/bin/../lib/gcc/arm-none-eabi/7.3.1/thumb/v7-m/crtbegin.o

.ARM.extab      0x0000000008003634        0x0
                0x0000000008003634                . = ALIGN (0x4)
 *(.ARM.extab* .gnu.linkonce.armextab.*)
                0x0000000008003634                . = ALIGN (0x4)

.ARM            0x0000000008003634        0x0
                0x0000000008003634                . = ALIGN (0x4)
                0x0000000008003634                __exidx_start = .
 *(.ARM.exidx*)
                0x0000000008003634                __exidx_end = .
                0x0000000008003634                . = ALIGN (0x4)

.preinit_array  0x0000000008003634        0x0
                0x0000000008003634                . = ALIGN (0x4)
                0x0000000008003634                PROVIDE (__preinit_array_start = .)
 *(.preinit_array*)
                0x0000000008003634                PROVIDE (__preinit_array_end = .)
                0x0000000008003634                . = ALIGN (0x4)

.init_array     0x0000000008003634        0x4
                0x0000000008003634                . = ALIGN (0x4)
                0x0000000008003634                PROVIDE (__init_array_start = .)
 *(SORT_BY_NAME(.init_array.*))
 *(.init_array*)
 .init_array    0x0000000008003634        0x4 /opt/st/stm32cubeide_1.5.1/plugins/com.st.stm32cube.ide.mcu.externaltools.gnu-tools-for-stm32.7-2018-q2-update.linux64_1.5.0.202011040924/tools/bin/../lib/gcc/arm-none-eabi/7.3.1/thumb/v7-m/crtbegin.o
                0x0000000008003638                PROVIDE (__init_array_end = .)
                0x0000000008003638                . = ALIGN (0x4)

.fini_array     0x0000000008003638        0x4
                0x0000000008003638                . = ALIGN (0x4)
                [!provide]                        PROVIDE (__fini_array_start = .)
 *(SORT_BY_NAME(.fini_array.*))
 *(.fini_array*)
 .fini_array    0x0000000008003638        0x4 /opt/st/stm32cubeide_1.5.1/plugins/com.st.stm32cube.ide.mcu.externaltools.gnu-tools-for-stm32.7-2018-q2-update.linux64_1.5.0.202011040924/tools/bin/../lib/gcc/arm-none-eabi/7.3.1/thumb/v7-m/crtbegin.o
                [!provide]                        PROVIDE (__fini_array_end = .)
                0x000000000800363c                . = ALIGN (0x4)
                0x000000000800363c                _sidata = LOADADDR (.data)

.data           0x0000000020000000       0x70 load address 0x000000000800363c
                0x0000000020000000                . = ALIGN (0x4)
                0x0000000020000000                _sdata = .
 *(.data)
 *(.data*)
 .data.SystemCoreClock
                0x0000000020000000        0x4 Core/Src/system_stm32f1xx.o
                0x0000000020000000                SystemCoreClock
 .data.uwTickPrio
                0x0000000020000004        0x4 Drivers/STM32F1xx_HAL_Driver/Src/stm32f1xx_hal.o
                0x0000000020000004                uwTickPrio
 .data.uwTickFreq
                0x0000000020000008        0x1 Drivers/STM32F1xx_HAL_Driver/Src/stm32f1xx_hal.o
                0x0000000020000008                uwTickFreq
 *fill*         0x0000000020000009        0x3 
 .data._impure_ptr
                0x000000002000000c        0x4 /opt/st/stm32cubeide_1.5.1/plugins/com.st.stm32cube.ide.mcu.externaltools.gnu-tools-for-stm32.7-2018-q2-update.linux64_1.5.0.202011040924/tools/bin/../lib/gcc/arm-none-eabi/7.3.1/../../../../arm-none-eabi/lib/thumb/v7-m/libc_nano.a(lib_a-impure.o)
                0x000000002000000c                _impure_ptr
 .data.impure_data
                0x0000000020000010       0x60 /opt/st/stm32cubeide_1.5.1/plugins/com.st.stm32cube.ide.mcu.externaltools.gnu-tools-for-stm32.7-2018-q2-update.linux64_1.5.0.202011040924/tools/bin/../lib/gcc/arm-none-eabi/7.3.1/../../../../arm-none-eabi/lib/thumb/v7-m/libc_nano.a(lib_a-impure.o)
 *(.RamFunc)
 *(.RamFunc*)
                0x0000000020000070                . = ALIGN (0x4)
                0x0000000020000070                _edata = .

.igot.plt       0x0000000020000070        0x0 load address 0x00000000080036ac
 .igot.plt      0x0000000020000070        0x0 /opt/st/stm32cubeide_1.5.1/plugins/com.st.stm32cube.ide.mcu.externaltools.gnu-tools-for-stm32.7-2018-q2-update.linux64_1.5.0.202011040924/tools/bin/../lib/gcc/arm-none-eabi/7.3.1/thumb/v7-m/crtbegin.o
                0x0000000020000070                . = ALIGN (0x4)

.bss            0x0000000020000070      0x150 load address 0x00000000080036ac
                0x0000000020000070                _sbss = .
                0x0000000020000070                __bss_start__ = _sbss
 *(.bss)
 .bss           0x0000000020000070       0x1c /opt/st/stm32cubeide_1.5.1/plugins/com.st.stm32cube.ide.mcu.externaltools.gnu-tools-for-stm32.7-2018-q2-update.linux64_1.5.0.202011040924/tools/bin/../lib/gcc/arm-none-eabi/7.3.1/thumb/v7-m/crtbegin.o
 *(.bss*)
 .bss.__sbrk_heap_end
                0x000000002000008c        0x4 Core/Src/sysmem.o
 .bss.__malloc_free_list
                0x0000000020000090        0x4 /opt/st/stm32cubeide_1.5.1/plugins/com.st.stm32cube.ide.mcu.externaltools.gnu-tools-for-stm32.7-2018-q2-update.linux64_1.5.0.202011040924/tools/bin/../lib/gcc/arm-none-eabi/7.3.1/../../../../arm-none-eabi/lib/thumb/v7-m/libc_nano.a(lib_a-nano-mallocr.o)
                0x0000000020000090                __malloc_free_list
 .bss.__malloc_sbrk_start
                0x0000000020000094        0x4 /opt/st/stm32cubeide_1.5.1/plugins/com.st.stm32cube.ide.mcu.externaltools.gnu-tools-for-stm32.7-2018-q2-update.linux64_1.5.0.202011040924/tools/bin/../lib/gcc/arm-none-eabi/7.3.1/../../../../arm-none-eabi/lib/thumb/v7-m/libc_nano.a(lib_a-nano-mallocr.o)
                0x0000000020000094                __malloc_sbrk_start
 *(COMMON)
 COMMON         0x0000000020000098      0x120 Core/Src/tim.o
                0x0000000020000098                htim4
                0x00000000200000e0                htim3
                0x0000000020000128                htim1
                0x0000000020000170                htim2
 COMMON         0x00000000200001b8        0x4 Drivers/STM32F1xx_HAL_Driver/Src/stm32f1xx_hal.o
                0x00000000200001b8                uwTick
 COMMON         0x00000000200001bc        0x4 /opt/st/stm32cubeide_1.5.1/plugins/com.st.stm32cube.ide.mcu.externaltools.gnu-tools-for-stm32.7-2018-q2-update.linux64_1.5.0.202011040924/tools/bin/../lib/gcc/arm-none-eabi/7.3.1/../../../../arm-none-eabi/lib/thumb/v7-m/libc_nano.a(lib_a-reent.o)
                0x00000000200001bc                errno
                0x00000000200001c0                . = ALIGN (0x4)
                0x00000000200001c0                _ebss = .
                0x00000000200001c0                __bss_end__ = _ebss

._user_heap_stack
                0x00000000200001c0      0x600 load address 0x00000000080036ac
                0x00000000200001c0                . = ALIGN (0x8)
                [!provide]                        PROVIDE (end = .)
                0x00000000200001c0                PROVIDE (_end = .)
                0x00000000200003c0                . = (. + _Min_Heap_Size)
 *fill*         0x00000000200001c0      0x200 
                0x00000000200007c0                . = (. + _Min_Stack_Size)
 *fill*         0x00000000200003c0      0x400 
                0x00000000200007c0                . = ALIGN (0x8)

/DISCARD/
 libc.a(*)
 libm.a(*)
 libgcc.a(*)

.ARM.attributes
                0x0000000000000000       0x29
 *(.ARM.attributes)
 .ARM.attributes
                0x0000000000000000       0x1d /opt/st/stm32cubeide_1.5.1/plugins/com.st.stm32cube.ide.mcu.externaltools.gnu-tools-for-stm32.7-2018-q2-update.linux64_1.5.0.202011040924/tools/bin/../lib/gcc/arm-none-eabi/7.3.1/thumb/v7-m/crti.o
 .ARM.attributes
                0x000000000000001d       0x2d /opt/st/stm32cubeide_1.5.1/plugins/com.st.stm32cube.ide.mcu.externaltools.gnu-tools-for-stm32.7-2018-q2-update.linux64_1.5.0.202011040924/tools/bin/../lib/gcc/arm-none-eabi/7.3.1/thumb/v7-m/crtbegin.o
 .ARM.attributes
                0x000000000000004a       0x33 Core/Src/functions.o
 .ARM.attributes
                0x000000000000007d       0x33 Core/Src/gpio.o
 .ARM.attributes
                0x00000000000000b0       0x33 Core/Src/lcd.o
 .ARM.attributes
                0x00000000000000e3       0x33 Core/Src/main.o
 .ARM.attributes
                0x0000000000000116       0x33 Core/Src/stm32f1xx_hal_msp.o
 .ARM.attributes
                0x0000000000000149       0x33 Core/Src/stm32f1xx_it.o
 .ARM.attributes
                0x000000000000017c       0x33 Core/Src/sysmem.o
 .ARM.attributes
                0x00000000000001af       0x33 Core/Src/system_stm32f1xx.o
 .ARM.attributes
                0x00000000000001e2       0x33 Core/Src/tim.o
 .ARM.attributes
                0x0000000000000215       0x21 Core/Startup/startup_stm32f103c8tx.o
 .ARM.attributes
                0x0000000000000236       0x33 Drivers/STM32F1xx_HAL_Driver/Src/stm32f1xx_hal.o
 .ARM.attributes
                0x0000000000000269       0x33 Drivers/STM32F1xx_HAL_Driver/Src/stm32f1xx_hal_cortex.o
 .ARM.attributes
                0x000000000000029c       0x33 Drivers/STM32F1xx_HAL_Driver/Src/stm32f1xx_hal_gpio.o
 .ARM.attributes
                0x00000000000002cf       0x33 Drivers/STM32F1xx_HAL_Driver/Src/stm32f1xx_hal_rcc.o
 .ARM.attributes
                0x0000000000000302       0x33 Drivers/STM32F1xx_HAL_Driver/Src/stm32f1xx_hal_tim.o
 .ARM.attributes
                0x0000000000000335       0x33 Drivers/STM32F1xx_HAL_Driver/Src/stm32f1xx_hal_tim_ex.o
 .ARM.attributes
                0x0000000000000368       0x2d /opt/st/stm32cubeide_1.5.1/plugins/com.st.stm32cube.ide.mcu.externaltools.gnu-tools-for-stm32.7-2018-q2-update.linux64_1.5.0.202011040924/tools/bin/../lib/gcc/arm-none-eabi/7.3.1/../../../../arm-none-eabi/lib/thumb/v7-m/libc_nano.a(lib_a-errno.o)
 .ARM.attributes
                0x0000000000000395       0x2d /opt/st/stm32cubeide_1.5.1/plugins/com.st.stm32cube.ide.mcu.externaltools.gnu-tools-for-stm32.7-2018-q2-update.linux64_1.5.0.202011040924/tools/bin/../lib/gcc/arm-none-eabi/7.3.1/../../../../arm-none-eabi/lib/thumb/v7-m/libc_nano.a(lib_a-impure.o)
 .ARM.attributes
                0x00000000000003c2       0x2d /opt/st/stm32cubeide_1.5.1/plugins/com.st.stm32cube.ide.mcu.externaltools.gnu-tools-for-stm32.7-2018-q2-update.linux64_1.5.0.202011040924/tools/bin/../lib/gcc/arm-none-eabi/7.3.1/../../../../arm-none-eabi/lib/thumb/v7-m/libc_nano.a(lib_a-init.o)
 .ARM.attributes
                0x00000000000003ef       0x2d /opt/st/stm32cubeide_1.5.1/plugins/com.st.stm32cube.ide.mcu.externaltools.gnu-tools-for-stm32.7-2018-q2-update.linux64_1.5.0.202011040924/tools/bin/../lib/gcc/arm-none-eabi/7.3.1/../../../../arm-none-eabi/lib/thumb/v7-m/libc_nano.a(lib_a-memset.o)
 .ARM.attributes
                0x000000000000041c       0x2d /opt/st/stm32cubeide_1.5.1/plugins/com.st.stm32cube.ide.mcu.externaltools.gnu-tools-for-stm32.7-2018-q2-update.linux64_1.5.0.202011040924/tools/bin/../lib/gcc/arm-none-eabi/7.3.1/../../../../arm-none-eabi/lib/thumb/v7-m/libc_nano.a(lib_a-sprintf.o)
 .ARM.attributes
                0x0000000000000449       0x2d /opt/st/stm32cubeide_1.5.1/plugins/com.st.stm32cube.ide.mcu.externaltools.gnu-tools-for-stm32.7-2018-q2-update.linux64_1.5.0.202011040924/tools/bin/../lib/gcc/arm-none-eabi/7.3.1/../../../../arm-none-eabi/lib/thumb/v7-m/libc_nano.a(lib_a-nano-svfprintf.o)
 .ARM.attributes
                0x0000000000000476       0x2d /opt/st/stm32cubeide_1.5.1/plugins/com.st.stm32cube.ide.mcu.externaltools.gnu-tools-for-stm32.7-2018-q2-update.linux64_1.5.0.202011040924/tools/bin/../lib/gcc/arm-none-eabi/7.3.1/../../../../arm-none-eabi/lib/thumb/v7-m/libc_nano.a(lib_a-nano-vfprintf_i.o)
 .ARM.attributes
                0x00000000000004a3       0x2d /opt/st/stm32cubeide_1.5.1/plugins/com.st.stm32cube.ide.mcu.externaltools.gnu-tools-for-stm32.7-2018-q2-update.linux64_1.5.0.202011040924/tools/bin/../lib/gcc/arm-none-eabi/7.3.1/../../../../arm-none-eabi/lib/thumb/v7-m/libc_nano.a(lib_a-memchr-stub.o)
 .ARM.attributes
                0x00000000000004d0       0x2d /opt/st/stm32cubeide_1.5.1/plugins/com.st.stm32cube.ide.mcu.externaltools.gnu-tools-for-stm32.7-2018-q2-update.linux64_1.5.0.202011040924/tools/bin/../lib/gcc/arm-none-eabi/7.3.1/../../../../arm-none-eabi/lib/thumb/v7-m/libc_nano.a(lib_a-memcpy-stub.o)
 .ARM.attributes
                0x00000000000004fd       0x2d /opt/st/stm32cubeide_1.5.1/plugins/com.st.stm32cube.ide.mcu.externaltools.gnu-tools-for-stm32.7-2018-q2-update.linux64_1.5.0.202011040924/tools/bin/../lib/gcc/arm-none-eabi/7.3.1/../../../../arm-none-eabi/lib/thumb/v7-m/libc_nano.a(lib_a-memmove.o)
 .ARM.attributes
                0x000000000000052a       0x2d /opt/st/stm32cubeide_1.5.1/plugins/com.st.stm32cube.ide.mcu.externaltools.gnu-tools-for-stm32.7-2018-q2-update.linux64_1.5.0.202011040924/tools/bin/../lib/gcc/arm-none-eabi/7.3.1/../../../../arm-none-eabi/lib/thumb/v7-m/libc_nano.a(lib_a-nano-freer.o)
 .ARM.attributes
                0x0000000000000557       0x2d /opt/st/stm32cubeide_1.5.1/plugins/com.st.stm32cube.ide.mcu.externaltools.gnu-tools-for-stm32.7-2018-q2-update.linux64_1.5.0.202011040924/tools/bin/../lib/gcc/arm-none-eabi/7.3.1/../../../../arm-none-eabi/lib/thumb/v7-m/libc_nano.a(lib_a-nano-mallocr.o)
 .ARM.attributes
                0x0000000000000584       0x2d /opt/st/stm32cubeide_1.5.1/plugins/com.st.stm32cube.ide.mcu.externaltools.gnu-tools-for-stm32.7-2018-q2-update.linux64_1.5.0.202011040924/tools/bin/../lib/gcc/arm-none-eabi/7.3.1/../../../../arm-none-eabi/lib/thumb/v7-m/libc_nano.a(lib_a-nano-reallocr.o)
 .ARM.attributes
                0x00000000000005b1       0x2d /opt/st/stm32cubeide_1.5.1/plugins/com.st.stm32cube.ide.mcu.externaltools.gnu-tools-for-stm32.7-2018-q2-update.linux64_1.5.0.202011040924/tools/bin/../lib/gcc/arm-none-eabi/7.3.1/../../../../arm-none-eabi/lib/thumb/v7-m/libc_nano.a(lib_a-sbrkr.o)
 .ARM.attributes
                0x00000000000005de       0x2d /opt/st/stm32cubeide_1.5.1/plugins/com.st.stm32cube.ide.mcu.externaltools.gnu-tools-for-stm32.7-2018-q2-update.linux64_1.5.0.202011040924/tools/bin/../lib/gcc/arm-none-eabi/7.3.1/../../../../arm-none-eabi/lib/thumb/v7-m/libc_nano.a(lib_a-mlock.o)
 .ARM.attributes
                0x000000000000060b       0x2d /opt/st/stm32cubeide_1.5.1/plugins/com.st.stm32cube.ide.mcu.externaltools.gnu-tools-for-stm32.7-2018-q2-update.linux64_1.5.0.202011040924/tools/bin/../lib/gcc/arm-none-eabi/7.3.1/../../../../arm-none-eabi/lib/thumb/v7-m/libc_nano.a(lib_a-nano-msizer.o)
 .ARM.attributes
                0x0000000000000638       0x2d /opt/st/stm32cubeide_1.5.1/plugins/com.st.stm32cube.ide.mcu.externaltools.gnu-tools-for-stm32.7-2018-q2-update.linux64_1.5.0.202011040924/tools/bin/../lib/gcc/arm-none-eabi/7.3.1/../../../../arm-none-eabi/lib/thumb/v7-m/libc_nano.a(lib_a-reent.o)
 .ARM.attributes
                0x0000000000000665       0x1d /opt/st/stm32cubeide_1.5.1/plugins/com.st.stm32cube.ide.mcu.externaltools.gnu-tools-for-stm32.7-2018-q2-update.linux64_1.5.0.202011040924/tools/bin/../lib/gcc/arm-none-eabi/7.3.1/thumb/v7-m/crtn.o
OUTPUT(hexapod_test.elf elf32-littlearm)

.debug_info     0x0000000000000000     0xe32c
 .debug_info    0x0000000000000000     0x1092 Core/Src/functions.o
 .debug_info    0x0000000000001092     0x111e Core/Src/gpio.o
 .debug_info    0x00000000000021b0     0x10df Core/Src/lcd.o
 .debug_info    0x000000000000328f     0x11ae Core/Src/main.o
 .debug_info    0x000000000000443d     0x107b Core/Src/stm32f1xx_hal_msp.o
 .debug_info    0x00000000000054b8      0xfc0 Core/Src/stm32f1xx_it.o
 .debug_info    0x0000000000006478      0x985 Core/Src/sysmem.o
 .debug_info    0x0000000000006dfd      0x29a Core/Src/system_stm32f1xx.o
 .debug_info    0x0000000000007097     0x1606 Core/Src/tim.o
 .debug_info    0x000000000000869d       0x22 Core/Startup/startup_stm32f103c8tx.o
 .debug_info    0x00000000000086bf      0x714 Drivers/STM32F1xx_HAL_Driver/Src/stm32f1xx_hal.o
 .debug_info    0x0000000000008dd3      0xb51 Drivers/STM32F1xx_HAL_Driver/Src/stm32f1xx_hal_cortex.o
 .debug_info    0x0000000000009924      0x69b Drivers/STM32F1xx_HAL_Driver/Src/stm32f1xx_hal_gpio.o
 .debug_info    0x0000000000009fbf      0x80f Drivers/STM32F1xx_HAL_Driver/Src/stm32f1xx_hal_rcc.o
 .debug_info    0x000000000000a7ce     0x27ef Drivers/STM32F1xx_HAL_Driver/Src/stm32f1xx_hal_tim.o
 .debug_info    0x000000000000cfbd     0x136f Drivers/STM32F1xx_HAL_Driver/Src/stm32f1xx_hal_tim_ex.o

.debug_abbrev   0x0000000000000000     0x1f7d
 .debug_abbrev  0x0000000000000000      0x278 Core/Src/functions.o
 .debug_abbrev  0x0000000000000278      0x1f2 Core/Src/gpio.o
 .debug_abbrev  0x000000000000046a      0x258 Core/Src/lcd.o
 .debug_abbrev  0x00000000000006c2      0x268 Core/Src/main.o
 .debug_abbrev  0x000000000000092a      0x1f2 Core/Src/stm32f1xx_hal_msp.o
 .debug_abbrev  0x0000000000000b1c      0x1e7 Core/Src/stm32f1xx_it.o
 .debug_abbrev  0x0000000000000d03      0x19b Core/Src/sysmem.o
 .debug_abbrev  0x0000000000000e9e      0x134 Core/Src/system_stm32f1xx.o
 .debug_abbrev  0x0000000000000fd2      0x294 Core/Src/tim.o
 .debug_abbrev  0x0000000000001266       0x12 Core/Startup/startup_stm32f103c8tx.o
 .debug_abbrev  0x0000000000001278      0x1c7 Drivers/STM32F1xx_HAL_Driver/Src/stm32f1xx_hal.o
 .debug_abbrev  0x000000000000143f      0x2d5 Drivers/STM32F1xx_HAL_Driver/Src/stm32f1xx_hal_cortex.o
 .debug_abbrev  0x0000000000001714      0x1c0 Drivers/STM32F1xx_HAL_Driver/Src/stm32f1xx_hal_gpio.o
 .debug_abbrev  0x00000000000018d4      0x243 Drivers/STM32F1xx_HAL_Driver/Src/stm32f1xx_hal_rcc.o
 .debug_abbrev  0x0000000000001b17      0x230 Drivers/STM32F1xx_HAL_Driver/Src/stm32f1xx_hal_tim.o
 .debug_abbrev  0x0000000000001d47      0x236 Drivers/STM32F1xx_HAL_Driver/Src/stm32f1xx_hal_tim_ex.o

.debug_aranges  0x0000000000000000      0xa38
 .debug_aranges
                0x0000000000000000       0x38 Core/Src/functions.o
 .debug_aranges
                0x0000000000000038       0x20 Core/Src/gpio.o
 .debug_aranges
                0x0000000000000058       0x50 Core/Src/lcd.o
 .debug_aranges
                0x00000000000000a8       0x38 Core/Src/main.o
 .debug_aranges
                0x00000000000000e0       0x20 Core/Src/stm32f1xx_hal_msp.o
 .debug_aranges
                0x0000000000000100       0x68 Core/Src/stm32f1xx_it.o
 .debug_aranges
                0x0000000000000168       0x20 Core/Src/sysmem.o
 .debug_aranges
                0x0000000000000188       0x28 Core/Src/system_stm32f1xx.o
 .debug_aranges
                0x00000000000001b0       0x60 Core/Src/tim.o
 .debug_aranges
                0x0000000000000210       0x28 Core/Startup/startup_stm32f103c8tx.o
 .debug_aranges
                0x0000000000000238       0xe0 Drivers/STM32F1xx_HAL_Driver/Src/stm32f1xx_hal.o
 .debug_aranges
                0x0000000000000318      0x100 Drivers/STM32F1xx_HAL_Driver/Src/stm32f1xx_hal_cortex.o
 .debug_aranges
                0x0000000000000418       0x58 Drivers/STM32F1xx_HAL_Driver/Src/stm32f1xx_hal_gpio.o
 .debug_aranges
                0x0000000000000470       0x90 Drivers/STM32F1xx_HAL_Driver/Src/stm32f1xx_hal_rcc.o
 .debug_aranges
                0x0000000000000500      0x3d0 Drivers/STM32F1xx_HAL_Driver/Src/stm32f1xx_hal_tim.o
 .debug_aranges
                0x00000000000008d0      0x168 Drivers/STM32F1xx_HAL_Driver/Src/stm32f1xx_hal_tim_ex.o

.debug_ranges   0x0000000000000000      0x940
 .debug_ranges  0x0000000000000000       0x28 Core/Src/functions.o
 .debug_ranges  0x0000000000000028       0x10 Core/Src/gpio.o
 .debug_ranges  0x0000000000000038       0x40 Core/Src/lcd.o
 .debug_ranges  0x0000000000000078       0x28 Core/Src/main.o
 .debug_ranges  0x00000000000000a0       0x10 Core/Src/stm32f1xx_hal_msp.o
 .debug_ranges  0x00000000000000b0       0x58 Core/Src/stm32f1xx_it.o
 .debug_ranges  0x0000000000000108       0x10 Core/Src/sysmem.o
 .debug_ranges  0x0000000000000118       0x18 Core/Src/system_stm32f1xx.o
 .debug_ranges  0x0000000000000130       0x50 Core/Src/tim.o
 .debug_ranges  0x0000000000000180       0x20 Core/Startup/startup_stm32f103c8tx.o
 .debug_ranges  0x00000000000001a0       0xd0 Drivers/STM32F1xx_HAL_Driver/Src/stm32f1xx_hal.o
 .debug_ranges  0x0000000000000270       0xf0 Drivers/STM32F1xx_HAL_Driver/Src/stm32f1xx_hal_cortex.o
 .debug_ranges  0x0000000000000360       0x48 Drivers/STM32F1xx_HAL_Driver/Src/stm32f1xx_hal_gpio.o
 .debug_ranges  0x00000000000003a8       0x80 Drivers/STM32F1xx_HAL_Driver/Src/stm32f1xx_hal_rcc.o
 .debug_ranges  0x0000000000000428      0x3c0 Drivers/STM32F1xx_HAL_Driver/Src/stm32f1xx_hal_tim.o
 .debug_ranges  0x00000000000007e8      0x158 Drivers/STM32F1xx_HAL_Driver/Src/stm32f1xx_hal_tim_ex.o

.debug_macro    0x0000000000000000    0x1830e
 .debug_macro   0x0000000000000000      0x29b Core/Src/functions.o
 .debug_macro   0x000000000000029b      0xa5a Core/Src/functions.o
 .debug_macro   0x0000000000000cf5      0x215 Core/Src/functions.o
 .debug_macro   0x0000000000000f0a       0x2e Core/Src/functions.o
 .debug_macro   0x0000000000000f38       0x22 Core/Src/functions.o
 .debug_macro   0x0000000000000f5a       0x22 Core/Src/functions.o
 .debug_macro   0x0000000000000f7c       0x8e Core/Src/functions.o
 .debug_macro   0x000000000000100a       0x51 Core/Src/functions.o
 .debug_macro   0x000000000000105b       0xef Core/Src/functions.o
 .debug_macro   0x000000000000114a       0x6a Core/Src/functions.o
 .debug_macro   0x00000000000011b4      0x1df Core/Src/functions.o
 .debug_macro   0x0000000000001393       0x1c Core/Src/functions.o
 .debug_macro   0x00000000000013af       0x22 Core/Src/functions.o
 .debug_macro   0x00000000000013d1       0xc3 Core/Src/functions.o
 .debug_macro   0x0000000000001494      0xd23 Core/Src/functions.o
 .debug_macro   0x00000000000021b7     0xe097 Core/Src/functions.o
 .debug_macro   0x000000000001024e       0x43 Core/Src/functions.o
 .debug_macro   0x0000000000010291     0x3468 Core/Src/functions.o
 .debug_macro   0x00000000000136f9      0x174 Core/Src/functions.o
 .debug_macro   0x000000000001386d       0x5c Core/Src/functions.o
 .debug_macro   0x00000000000138c9      0x5be Core/Src/functions.o
 .debug_macro   0x0000000000013e87      0x289 Core/Src/functions.o
 .debug_macro   0x0000000000014110      0x1cb Core/Src/functions.o
 .debug_macro   0x00000000000142db      0x114 Core/Src/functions.o
 .debug_macro   0x00000000000143ef      0x1b2 Core/Src/functions.o
 .debug_macro   0x00000000000145a1       0x27 Core/Src/functions.o
 .debug_macro   0x00000000000145c8      0x136 Core/Src/functions.o
 .debug_macro   0x00000000000146fe      0x1bc Core/Src/functions.o
 .debug_macro   0x00000000000148ba       0x34 Core/Src/functions.o
 .debug_macro   0x00000000000148ee       0x3c Core/Src/functions.o
 .debug_macro   0x000000000001492a       0x57 Core/Src/functions.o
 .debug_macro   0x0000000000014981       0x88 Core/Src/functions.o
 .debug_macro   0x0000000000014a09      0x241 Core/Src/functions.o
 .debug_macro   0x0000000000014c4a      0x141 Core/Src/functions.o
 .debug_macro   0x0000000000014d8b      0x8d1 Core/Src/functions.o
 .debug_macro   0x000000000001565c       0x83 Core/Src/functions.o
 .debug_macro   0x00000000000156df       0x46 Core/Src/functions.o
 .debug_macro   0x0000000000015725       0x18 Core/Src/functions.o
 .debug_macro   0x000000000001573d       0x3c Core/Src/functions.o
 .debug_macro   0x0000000000015779       0x34 Core/Src/functions.o
 .debug_macro   0x00000000000157ad       0x52 Core/Src/functions.o
 .debug_macro   0x00000000000157ff       0x1f Core/Src/functions.o
 .debug_macro   0x000000000001581e       0x43 Core/Src/functions.o
 .debug_macro   0x0000000000015861       0x20 Core/Src/functions.o
 .debug_macro   0x0000000000015881      0x1a3 Core/Src/functions.o
 .debug_macro   0x0000000000015a24      0x32a Core/Src/functions.o
 .debug_macro   0x0000000000015d4e      0x1e1 Core/Src/functions.o
 .debug_macro   0x0000000000015f2f       0x22 Core/Src/functions.o
 .debug_macro   0x0000000000015f51       0x10 Core/Src/functions.o
 .debug_macro   0x0000000000015f61       0x35 Core/Src/functions.o
 .debug_macro   0x0000000000015f96      0x460 Core/Src/functions.o
 .debug_macro   0x00000000000163f6       0x70 Core/Src/functions.o
 .debug_macro   0x0000000000016466       0x22 Core/Src/functions.o
 .debug_macro   0x0000000000016488      0x28c Core/Src/gpio.o
 .debug_macro   0x0000000000016714      0x297 Core/Src/lcd.o
 .debug_macro   0x00000000000169ab       0x1c Core/Src/lcd.o
 .debug_macro   0x00000000000169c7      0x2a7 Core/Src/main.o
 .debug_macro   0x0000000000016c6e      0x288 Core/Src/stm32f1xx_hal_msp.o
 .debug_macro   0x0000000000016ef6      0x292 Core/Src/stm32f1xx_it.o
 .debug_macro   0x0000000000017188       0xee Core/Src/sysmem.o
 .debug_macro   0x0000000000017276      0x23b Core/Src/sysmem.o
 .debug_macro   0x00000000000174b1      0x199 Core/Src/system_stm32f1xx.o
 .debug_macro   0x000000000001764a      0x28c Core/Src/tim.o
 .debug_macro   0x00000000000178d6      0x1bd Drivers/STM32F1xx_HAL_Driver/Src/stm32f1xx_hal.o
 .debug_macro   0x0000000000017a93      0x199 Drivers/STM32F1xx_HAL_Driver/Src/stm32f1xx_hal_cortex.o
 .debug_macro   0x0000000000017c2c      0x204 Drivers/STM32F1xx_HAL_Driver/Src/stm32f1xx_hal_gpio.o
 .debug_macro   0x0000000000017e30      0x1ab Drivers/STM32F1xx_HAL_Driver/Src/stm32f1xx_hal_rcc.o
 .debug_macro   0x0000000000017fdb      0x19a Drivers/STM32F1xx_HAL_Driver/Src/stm32f1xx_hal_tim.o
 .debug_macro   0x0000000000018175      0x199 Drivers/STM32F1xx_HAL_Driver/Src/stm32f1xx_hal_tim_ex.o

.debug_line     0x0000000000000000     0x986b
 .debug_line    0x0000000000000000      0x804 Core/Src/functions.o
 .debug_line    0x0000000000000804      0x79e Core/Src/gpio.o
 .debug_line    0x0000000000000fa2      0x853 Core/Src/lcd.o
 .debug_line    0x00000000000017f5      0x85e Core/Src/main.o
 .debug_line    0x0000000000002053      0x79a Core/Src/stm32f1xx_hal_msp.o
 .debug_line    0x00000000000027ed      0x853 Core/Src/stm32f1xx_it.o
 .debug_line    0x0000000000003040      0x49a Core/Src/sysmem.o
 .debug_line    0x00000000000034da      0x663 Core/Src/system_stm32f1xx.o
 .debug_line    0x0000000000003b3d      0x8d3 Core/Src/tim.o
 .debug_line    0x0000000000004410       0x84 Core/Startup/startup_stm32f103c8tx.o
 .debug_line    0x0000000000004494      0x816 Drivers/STM32F1xx_HAL_Driver/Src/stm32f1xx_hal.o
 .debug_line    0x0000000000004caa      0x8ed Drivers/STM32F1xx_HAL_Driver/Src/stm32f1xx_hal_cortex.o
 .debug_line    0x0000000000005597      0x812 Drivers/STM32F1xx_HAL_Driver/Src/stm32f1xx_hal_gpio.o
 .debug_line    0x0000000000005da9      0x8d6 Drivers/STM32F1xx_HAL_Driver/Src/stm32f1xx_hal_rcc.o
 .debug_line    0x000000000000667f     0x1f6f Drivers/STM32F1xx_HAL_Driver/Src/stm32f1xx_hal_tim.o
 .debug_line    0x00000000000085ee     0x127d Drivers/STM32F1xx_HAL_Driver/Src/stm32f1xx_hal_tim_ex.o

.debug_str      0x0000000000000000    0x88932
 .debug_str     0x0000000000000000    0x85db3 Core/Src/functions.o
                                      0x8626c (size before relaxing)
 .debug_str     0x0000000000085db3       0xd0 Core/Src/gpio.o
                                      0x8628f (size before relaxing)
 .debug_str     0x0000000000085e83       0x61 Core/Src/lcd.o
                                      0x86281 (size before relaxing)
 .debug_str     0x0000000000085ee4      0x1a7 Core/Src/main.o
                                      0x863ce (size before relaxing)
 .debug_str     0x000000000008608b       0x5a Core/Src/stm32f1xx_hal_msp.o
                                      0x86256 (size before relaxing)
 .debug_str     0x00000000000860e5       0xcd Core/Src/stm32f1xx_it.o
                                      0x86283 (size before relaxing)
 .debug_str     0x00000000000861b2      0x4e9 Core/Src/sysmem.o
                                       0x5f45 (size before relaxing)
 .debug_str     0x000000000008669b       0x52 Core/Src/system_stm32f1xx.o
                                      0x8134e (size before relaxing)
 .debug_str     0x00000000000866ed      0x4d1 Core/Src/tim.o
                                      0x867d0 (size before relaxing)
 .debug_str     0x0000000000086bbe       0x36 Core/Startup/startup_stm32f103c8tx.o
                                         0x75 (size before relaxing)
 .debug_str     0x0000000000086bf4      0x304 Drivers/STM32F1xx_HAL_Driver/Src/stm32f1xx_hal.o
                                      0x819df (size before relaxing)
 .debug_str     0x0000000000086ef8      0x300 Drivers/STM32F1xx_HAL_Driver/Src/stm32f1xx_hal_cortex.o
                                      0x819e7 (size before relaxing)
 .debug_str     0x00000000000871f8      0x31f Drivers/STM32F1xx_HAL_Driver/Src/stm32f1xx_hal_gpio.o
                                      0x81712 (size before relaxing)
 .debug_str     0x0000000000087517      0x24f Drivers/STM32F1xx_HAL_Driver/Src/stm32f1xx_hal_rcc.o
                                      0x8174b (size before relaxing)
 .debug_str     0x0000000000087766      0xd49 Drivers/STM32F1xx_HAL_Driver/Src/stm32f1xx_hal_tim.o
                                      0x8271d (size before relaxing)
 .debug_str     0x00000000000884af      0x483 Drivers/STM32F1xx_HAL_Driver/Src/stm32f1xx_hal_tim_ex.o
                                      0x81ef7 (size before relaxing)

.comment        0x0000000000000000       0x7b
 .comment       0x0000000000000000       0x7b Core/Src/functions.o
                                         0x7c (size before relaxing)
 .comment       0x000000000000007b       0x7c Core/Src/gpio.o
 .comment       0x000000000000007b       0x7c Core/Src/lcd.o
 .comment       0x000000000000007b       0x7c Core/Src/main.o
 .comment       0x000000000000007b       0x7c Core/Src/stm32f1xx_hal_msp.o
 .comment       0x000000000000007b       0x7c Core/Src/stm32f1xx_it.o
 .comment       0x000000000000007b       0x7c Core/Src/sysmem.o
 .comment       0x000000000000007b       0x7c Core/Src/system_stm32f1xx.o
 .comment       0x000000000000007b       0x7c Core/Src/tim.o
 .comment       0x000000000000007b       0x7c Drivers/STM32F1xx_HAL_Driver/Src/stm32f1xx_hal.o
 .comment       0x000000000000007b       0x7c Drivers/STM32F1xx_HAL_Driver/Src/stm32f1xx_hal_cortex.o
 .comment       0x000000000000007b       0x7c Drivers/STM32F1xx_HAL_Driver/Src/stm32f1xx_hal_gpio.o
 .comment       0x000000000000007b       0x7c Drivers/STM32F1xx_HAL_Driver/Src/stm32f1xx_hal_rcc.o
 .comment       0x000000000000007b       0x7c Drivers/STM32F1xx_HAL_Driver/Src/stm32f1xx_hal_tim.o
 .comment       0x000000000000007b       0x7c Drivers/STM32F1xx_HAL_Driver/Src/stm32f1xx_hal_tim_ex.o

.debug_frame    0x0000000000000000     0x2c18
 .debug_frame   0x0000000000000000       0xac Core/Src/functions.o
 .debug_frame   0x00000000000000ac       0x34 Core/Src/gpio.o
 .debug_frame   0x00000000000000e0       0xfc Core/Src/lcd.o
 .debug_frame   0x00000000000001dc       0x90 Core/Src/main.o
 .debug_frame   0x000000000000026c       0x38 Core/Src/stm32f1xx_hal_msp.o
 .debug_frame   0x00000000000002a4      0x120 Core/Src/stm32f1xx_it.o
 .debug_frame   0x00000000000003c4       0x34 Core/Src/sysmem.o
 .debug_frame   0x00000000000003f8       0x58 Core/Src/system_stm32f1xx.o
 .debug_frame   0x0000000000000450      0x15c Core/Src/tim.o
 .debug_frame   0x00000000000005ac      0x334 Drivers/STM32F1xx_HAL_Driver/Src/stm32f1xx_hal.o
 .debug_frame   0x00000000000008e0      0x428 Drivers/STM32F1xx_HAL_Driver/Src/stm32f1xx_hal_cortex.o
 .debug_frame   0x0000000000000d08      0x14c Drivers/STM32F1xx_HAL_Driver/Src/stm32f1xx_hal_gpio.o
 .debug_frame   0x0000000000000e54      0x21c Drivers/STM32F1xx_HAL_Driver/Src/stm32f1xx_hal_rcc.o
 .debug_frame   0x0000000000001070     0x11b8 Drivers/STM32F1xx_HAL_Driver/Src/stm32f1xx_hal_tim.o
 .debug_frame   0x0000000000002228      0x638 Drivers/STM32F1xx_HAL_Driver/Src/stm32f1xx_hal_tim_ex.o
 .debug_frame   0x0000000000002860       0x20 /opt/st/stm32cubeide_1.5.1/plugins/com.st.stm32cube.ide.mcu.externaltools.gnu-tools-for-stm32.7-2018-q2-update.linux64_1.5.0.202011040924/tools/bin/../lib/gcc/arm-none-eabi/7.3.1/../../../../arm-none-eabi/lib/thumb/v7-m/libc_nano.a(lib_a-errno.o)
 .debug_frame   0x0000000000002880       0x2c /opt/st/stm32cubeide_1.5.1/plugins/com.st.stm32cube.ide.mcu.externaltools.gnu-tools-for-stm32.7-2018-q2-update.linux64_1.5.0.202011040924/tools/bin/../lib/gcc/arm-none-eabi/7.3.1/../../../../arm-none-eabi/lib/thumb/v7-m/libc_nano.a(lib_a-init.o)
 .debug_frame   0x00000000000028ac       0x20 /opt/st/stm32cubeide_1.5.1/plugins/com.st.stm32cube.ide.mcu.externaltools.gnu-tools-for-stm32.7-2018-q2-update.linux64_1.5.0.202011040924/tools/bin/../lib/gcc/arm-none-eabi/7.3.1/../../../../arm-none-eabi/lib/thumb/v7-m/libc_nano.a(lib_a-memset.o)
 .debug_frame   0x00000000000028cc       0x6c /opt/st/stm32cubeide_1.5.1/plugins/com.st.stm32cube.ide.mcu.externaltools.gnu-tools-for-stm32.7-2018-q2-update.linux64_1.5.0.202011040924/tools/bin/../lib/gcc/arm-none-eabi/7.3.1/../../../../arm-none-eabi/lib/thumb/v7-m/libc_nano.a(lib_a-sprintf.o)
 .debug_frame   0x0000000000002938       0x90 /opt/st/stm32cubeide_1.5.1/plugins/com.st.stm32cube.ide.mcu.externaltools.gnu-tools-for-stm32.7-2018-q2-update.linux64_1.5.0.202011040924/tools/bin/../lib/gcc/arm-none-eabi/7.3.1/../../../../arm-none-eabi/lib/thumb/v7-m/libc_nano.a(lib_a-nano-svfprintf.o)
 .debug_frame   0x00000000000029c8       0x60 /opt/st/stm32cubeide_1.5.1/plugins/com.st.stm32cube.ide.mcu.externaltools.gnu-tools-for-stm32.7-2018-q2-update.linux64_1.5.0.202011040924/tools/bin/../lib/gcc/arm-none-eabi/7.3.1/../../../../arm-none-eabi/lib/thumb/v7-m/libc_nano.a(lib_a-nano-vfprintf_i.o)
 .debug_frame   0x0000000000002a28       0x28 /opt/st/stm32cubeide_1.5.1/plugins/com.st.stm32cube.ide.mcu.externaltools.gnu-tools-for-stm32.7-2018-q2-update.linux64_1.5.0.202011040924/tools/bin/../lib/gcc/arm-none-eabi/7.3.1/../../../../arm-none-eabi/lib/thumb/v7-m/libc_nano.a(lib_a-memchr-stub.o)
 .debug_frame   0x0000000000002a50       0x28 /opt/st/stm32cubeide_1.5.1/plugins/com.st.stm32cube.ide.mcu.externaltools.gnu-tools-for-stm32.7-2018-q2-update.linux64_1.5.0.202011040924/tools/bin/../lib/gcc/arm-none-eabi/7.3.1/../../../../arm-none-eabi/lib/thumb/v7-m/libc_nano.a(lib_a-memcpy-stub.o)
 .debug_frame   0x0000000000002a78       0x28 /opt/st/stm32cubeide_1.5.1/plugins/com.st.stm32cube.ide.mcu.externaltools.gnu-tools-for-stm32.7-2018-q2-update.linux64_1.5.0.202011040924/tools/bin/../lib/gcc/arm-none-eabi/7.3.1/../../../../arm-none-eabi/lib/thumb/v7-m/libc_nano.a(lib_a-memmove.o)
 .debug_frame   0x0000000000002aa0       0x38 /opt/st/stm32cubeide_1.5.1/plugins/com.st.stm32cube.ide.mcu.externaltools.gnu-tools-for-stm32.7-2018-q2-update.linux64_1.5.0.202011040924/tools/bin/../lib/gcc/arm-none-eabi/7.3.1/../../../../arm-none-eabi/lib/thumb/v7-m/libc_nano.a(lib_a-nano-freer.o)
 .debug_frame   0x0000000000002ad8       0x2c /opt/st/stm32cubeide_1.5.1/plugins/com.st.stm32cube.ide.mcu.externaltools.gnu-tools-for-stm32.7-2018-q2-update.linux64_1.5.0.202011040924/tools/bin/../lib/gcc/arm-none-eabi/7.3.1/../../../../arm-none-eabi/lib/thumb/v7-m/libc_nano.a(lib_a-nano-mallocr.o)
 .debug_frame   0x0000000000002b04       0x3c /opt/st/stm32cubeide_1.5.1/plugins/com.st.stm32cube.ide.mcu.externaltools.gnu-tools-for-stm32.7-2018-q2-update.linux64_1.5.0.202011040924/tools/bin/../lib/gcc/arm-none-eabi/7.3.1/../../../../arm-none-eabi/lib/thumb/v7-m/libc_nano.a(lib_a-nano-reallocr.o)
 .debug_frame   0x0000000000002b40       0x2c /opt/st/stm32cubeide_1.5.1/plugins/com.st.stm32cube.ide.mcu.externaltools.gnu-tools-for-stm32.7-2018-q2-update.linux64_1.5.0.202011040924/tools/bin/../lib/gcc/arm-none-eabi/7.3.1/../../../../arm-none-eabi/lib/thumb/v7-m/libc_nano.a(lib_a-sbrkr.o)
 .debug_frame   0x0000000000002b6c       0x30 /opt/st/stm32cubeide_1.5.1/plugins/com.st.stm32cube.ide.mcu.externaltools.gnu-tools-for-stm32.7-2018-q2-update.linux64_1.5.0.202011040924/tools/bin/../lib/gcc/arm-none-eabi/7.3.1/../../../../arm-none-eabi/lib/thumb/v7-m/libc_nano.a(lib_a-mlock.o)
 .debug_frame   0x0000000000002b9c       0x20 /opt/st/stm32cubeide_1.5.1/plugins/com.st.stm32cube.ide.mcu.externaltools.gnu-tools-for-stm32.7-2018-q2-update.linux64_1.5.0.202011040924/tools/bin/../lib/gcc/arm-none-eabi/7.3.1/../../../../arm-none-eabi/lib/thumb/v7-m/libc_nano.a(lib_a-nano-msizer.o)
 .debug_frame   0x0000000000002bbc       0x5c /opt/st/stm32cubeide_1.5.1/plugins/com.st.stm32cube.ide.mcu.externaltools.gnu-tools-for-stm32.7-2018-q2-update.linux64_1.5.0.202011040924/tools/bin/../lib/gcc/arm-none-eabi/7.3.1/../../../../arm-none-eabi/lib/thumb/v7-m/libc_nano.a(lib_a-reent.o)
